Archive member included because of file (symbol)

c:/usr/local/cell/0_8_5-007/host-win32/spu/bin/../../../target/spu/lib\libdma.a(cellDmaLargeCmd.o)
                              MSound_Mixer_Worker.spu.o (cellDmaLargeCmd)
c:/usr/local/cell/0_8_5-007/host-win32/spu/bin/../../../target/spu/lib\libdma.a(cellDmaAndWait.o)
                              MSound_Mixer_Worker.spu.o (cellDmaAndWait)
c:/usr/local/cell/0_8_5-007/host-win32/spu/bin/../../../target/spu/lib\libatomic.a(cellAtomicAdd32.o)
                              MSound_Mixer_Worker.spu.o (cellAtomicAdd32)
c:/usr/local/cell/0_8_5-007/host-win32/spu/bin/../../../target/spu/lib\libatomic.a(cellAtomicCompareAndSwap32.o)
                              MSound_Mixer_Worker.spu.o (cellAtomicCompareAndSwap32)
c:/usr/local/cell/0_8_5-007/host-win32/spu/bin/../../../target/spu/lib\libatomic.a(cellAtomicDecr32.o)
                              MSound_Mixer_Worker.spu.o (cellAtomicDecr32)
c:/usr/local/cell/0_8_5-007/host-win32/spu/bin/../../../target/spu/lib\libatomic.a(cellAtomicIncr32.o)
                              MSound_Mixer_Worker.spu.o (cellAtomicIncr32)
c:/usr/local/cell/0_8_5-007/host-win32/spu/bin/../../../target/spu/lib\libsputhread.a(spu_event.spu.o)
                              MSound_Mixer_Worker.spu.o (sys_spu_thread_send_event)
c:/usr/local/cell/0_8_5-007/host-win32/spu/bin/../../../target/spu/lib\libsputhread.a(spu_thread.spu.o)
                              c:/usr/local/cell/0_8_5-007/host-win32/spu/bin/../lib/gcc/spu-lv2/4.0.2/crt1.o (sys_spu_thread_exit)
c:/usr/local/cell/0_8_5-007/host-win32/spu/bin/../../../target/spu/lib\libc.a(exit.o)
                              c:/usr/local/cell/0_8_5-007/host-win32/spu/bin/../lib/gcc/spu-lv2/4.0.2/crt1.o (exit)
c:/usr/local/cell/0_8_5-007/host-win32/spu/bin/../../../target/spu/lib\libc.a(spu_call_event_va_arg.o)
                              MSound_Mixer_Worker.spu.o (_spu_call_event_va_arg)
c:/usr/local/cell/0_8_5-007/host-win32/spu/bin/../lib/gcc/spu-lv2/4.0.2\libgcc.a(_floatdisf.o)
                              MSound_Mixer_Worker.spu.o (__floatdisf)
c:/usr/local/cell/0_8_5-007/host-win32/spu/bin/../lib/gcc/spu-lv2/4.0.2\libgcc.a(_moddi3.o)
                              MSound_Mixer_Worker.spu.o (__moddi3)
c:/usr/local/cell/0_8_5-007/host-win32/spu/bin/../lib/gcc/spu-lv2/4.0.2\libgcc.a(_lt_df.o)
                              MSound_Mixer_Worker.spu.o (__ltdf2)
c:/usr/local/cell/0_8_5-007/host-win32/spu/bin/../lib/gcc/spu-lv2/4.0.2\libgcc.a(_df_to_si.o)
                              MSound_Mixer_Worker.spu.o (__fixdfsi)
c:/usr/local/cell/0_8_5-007/host-win32/spu/bin/../lib/gcc/spu-lv2/4.0.2\libgcc.a(_unpack_df.o)
                              c:/usr/local/cell/0_8_5-007/host-win32/spu/bin/../lib/gcc/spu-lv2/4.0.2\libgcc.a(_lt_df.o) (__unpack_d)
c:/usr/local/cell/0_8_5-007/host-win32/spu/bin/../lib/gcc/spu-lv2/4.0.2\libgcc.a(_fpcmp_parts_df.o)
                              c:/usr/local/cell/0_8_5-007/host-win32/spu/bin/../lib/gcc/spu-lv2/4.0.2\libgcc.a(_lt_df.o) (__fpcmp_parts_d)

Allocating common symbols
Common symbol       size              file

_Atfuns             0x140             c:/usr/local/cell/0_8_5-007/host-win32/spu/bin/../../../target/spu/lib\libc.a(exit.o)

Memory Configuration

Name             Origin             Length             Attributes
*default*        0x0000000000000000 0xffffffffffffffff

Linker script and memory map

LOAD c:/usr/local/cell/0_8_5-007/host-win32/spu/bin/../lib/gcc/spu-lv2/4.0.2/crt1.o
LOAD MSound_Mixer_Worker.spu.o
LOAD c:/usr/local/cell/0_8_5-007/host-win32/spu/bin/../../../target/spu/lib\libdma.a
LOAD c:/usr/local/cell/0_8_5-007/host-win32/spu/bin/../../../target/spu/lib\libatomic.a
LOAD c:/usr/local/cell/0_8_5-007/host-win32/spu/bin/../../../target/spu/lib\libsputhread.a
START GROUP
LOAD c:/usr/local/cell/0_8_5-007/host-win32/spu/bin/../../../target/spu/lib\libc.a
LOAD c:/usr/local/cell/0_8_5-007/host-win32/spu/bin/../lib/gcc/spu-lv2/4.0.2\libgcc.a
LOAD c:/usr/local/cell/0_8_5-007/host-win32/spu/bin/../../../target/spu/lib\libstdc++.a
LOAD c:/usr/local/cell/0_8_5-007/host-win32/spu/bin/../lib/gcc/spu-lv2/4.0.2\libsupc++.a
LOAD c:/usr/local/cell/0_8_5-007/host-win32/spu/bin/../../../target/spu/lib\libsputhread.a
END GROUP
LOAD c:/usr/local/cell/0_8_5-007/host-win32/spu/bin/../lib/gcc/spu-lv2/4.0.2/crtend1.o
                0x0000000000000080                PROVIDE (__executable_start, 0x80)
                0x0000000000000080                . = 0x80

.interp
 *(.interp)

.hash
 *(.hash)

.dynsym
 *(.dynsym)

.dynstr
 *(.dynstr)

.gnu.version
 *(.gnu.version)

.gnu.version_d
 *(.gnu.version_d)

.gnu.version_r
 *(.gnu.version_r)

.rel.dyn
 *(.rel.init)
 *(.rel.text .rel.text.* .rel.gnu.linkonce.t.*)
 *(.rel.fini)
 *(.rel.rodata .rel.rodata.* .rel.gnu.linkonce.r.*)
 *(.rel.data.rel.ro*)
 *(.rel.data .rel.data.* .rel.gnu.linkonce.d.*)
 *(.rel.tdata .rel.tdata.* .rel.gnu.linkonce.td.*)
 *(.rel.tbss .rel.tbss.* .rel.gnu.linkonce.tb.*)
 *(.rel.ctors)
 *(.rel.dtors)
 *(.rel.got)
 *(.rel.bss .rel.bss.* .rel.gnu.linkonce.b.*)

.rela.dyn
 *(.rela.init)
 *(.rela.text .rela.text.* .rela.gnu.linkonce.t.*)
 *(.rela.fini)
 *(.rela.rodata .rela.rodata.* .rela.gnu.linkonce.r.*)
 *(.rela.data .rela.data.* .rela.gnu.linkonce.d.*)
 *(.rela.tdata .rela.tdata.* .rela.gnu.linkonce.td.*)
 *(.rela.tbss .rela.tbss.* .rela.gnu.linkonce.tb.*)
 *(.rela.ctors)
 *(.rela.dtors)
 *(.rela.got)
 *(.rela.bss .rela.bss.* .rela.gnu.linkonce.b.*)

.rel.plt
 *(.rel.plt)

.rela.plt
 *(.rela.plt)

.init
 *(.init)

.plt
 *(.plt)

.text           0x0000000000000080    0x113b8
                0x0000000000000080                . = ALIGN (0x10)
                0x0000000000000080                __SPU_GUID = .
                0x0000000000000080        0x4 LONG 0x42000002
                0x0000000000000084        0x4 LONG 0x42000082
                0x0000000000000088        0x4 LONG 0x42000102
                0x000000000000008c        0x4 LONG 0x42000182
 *(.text .stub .text.* .gnu.linkonce.t.*)
 .text          0x0000000000000090       0xe0 c:/usr/local/cell/0_8_5-007/host-win32/spu/bin/../lib/gcc/spu-lv2/4.0.2/crt1.o
                0x0000000000000118                _Exit
                0x0000000000000090                _start
                0x0000000000000118                _exit
 .text          0x0000000000000170     0x80a0 MSound_Mixer_Worker.spu.o
                0x0000000000000350                MRTC_SystemInfo::OS_Trace(char const*, ...)
                0x00000000000019c8                NVPU::ProcessLinear_1_fp32(unsigned int, float const*, float __vector const*, unsigned int, float, float, float __vector*, unsigned int&, NVPU::CSC_Mixer_DSP_Voice::CInternalData*)
                0x0000000000002550                NVPU::CSC_Mixer_WorkerContext::PreProcessDSPChainInstance(NVPU::CSC_Mixer_WorkerContext::CDSPChainInstanceInternal*)
                0x0000000000000260                CVPU_JobInfo::~CVPU_JobInfo()
                0x0000000000000170                MRTC_SystemInfo::Atomic_IfEqualExchange(int volatile*, int, int)
                0x0000000000002238                NVPU::CSC_Mixer_WorkerContext::PreProcessDSPInstance(NVPU::CSC_Mixer_WorkerContext::CDSPChainInstanceInternal*, NVPU::CSC_Mixer_WorkerContext::CDSPInstanceInternal*)
                0x0000000000002618                NVPU::CSC_Mixer_DSP_Router::PreProcessFrame(float*, float*)
                0x0000000000001fd0                NVPU::ProcessNoResample_1_fp32(unsigned int, float const*, float __vector const*, unsigned int, float, float __vector*, unsigned int&, NVPU::CSC_Mixer_DSP_Voice::CInternalData*)
                0x00000000000004c0                MRTC_System_VPU::OS_Assert(char const*, char const*, int)
                0x0000000000000288                CVPU_WorkQueue::SignalVpuIdle(CVPU_ContextData&)
                0x0000000000001e98                NVPU::ProcessLinear_4_fp32(unsigned int, float const*, float __vector const*, unsigned int, float, float, float __vector*, unsigned int&, NVPU::CSC_Mixer_DSP_Voice::CInternalData*)
                0x0000000000000a50                MRTC_System_VPU::OS_DMATransferToSys(CVPU_SystemAddr, void const*, unsigned long)
                0x00000000000004c8                MRTC_System_VPU::OS_GetDMAChannel()
                0x0000000000000b38                MRTC_System_VPU::OS_VBAlloc(CVPU_SystemAddr, CVPU_SystemAddr, CVPU_SystemAddr, CVPU_SystemAddr, unsigned int)
                0x0000000000001078                NVPU::CSC_Mixer_DSP_Master::ProcessFrame(NVPU::CSC_Mixer_ProcessingInfo*, float*, float*)
                0x0000000000000348                MRTC_SystemInfo::OS_Assert(char const*, char const*, int)
                0x00000000000002d0                MRTC_SystemInfo::Atomic_Add(int volatile*, int)
                0x0000000000000268                MRTC_System_VPU::OS_LocalHeapFreeAll()
                0x0000000000000290                MRTC_SystemInfo::Atomic_Increase(int volatile*)
                0x00000000000008c0                SpinLockUnlock(CVPU_SystemAddr)
                0x0000000000001d60                NVPU::ProcessLinear_3_fp32(unsigned int, float const*, float __vector const*, unsigned int, float, float, float __vector*, unsigned int&, NVPU::CSC_Mixer_DSP_Voice::CInternalData*)
                0x00000000000018c0                SCMixer_PPUAccess_GetNewMixBin(void*)
                0x00000000000031c0                NVPU::CSC_Mixer_DSP_Router::MixBuffer(NVPU::CSC_Mixer_WorkerContext*, TCDynamicPtr<NVPU::CSC_Mixer_WorkerContext::CCustomPtrHolder, NVPU::CSC_Mixer_WorkerContext::CMixBinContainer>&, TCDynamicPtr<NVPU::CSC_Mixer_WorkerContext::CCustomPtrHolder, NVPU::CSC_Mixer_WorkerContext::CMixBinContainer>&, int)
                0x0000000000000310                MRTC_System_VPU::OS_LocalHeapAlloc(unsigned int)
                0x0000000000000278                MRTC_System_VPU::OS_ReleaseAllDMAChannels()
                0x0000000000000240                CVPU_JobInfo::CVPU_JobInfo(CVPU_JobDefData const*)
                0x00000000000021c8                NVPU::ProcessNoResample_3_fp32(unsigned int, float const*, float __vector const*, unsigned int, float, float __vector*, unsigned int&, NVPU::CSC_Mixer_DSP_Voice::CInternalData*)
                0x0000000000003a48                NVPU::CSC_Mixer_WorkerContext::ProcessDSPInstance(NVPU::CSC_Mixer_WorkerContext::CDSPChainInstanceInternal*, NVPU::CSC_Mixer_WorkerContext::CDSPInstanceInternal*, NVPU::CSC_Mixer_WorkerContext::CMixBinContainer*)
                0x0000000000000d58                CVPU_WorkQueue::GetJob(CVPU_ContextData&, CVPU_JobDefData&, unsigned int)
                0x0000000000000ac8                MRTC_System_VPU::OS_DMATransferFromSys(void*, CVPU_SystemAddr, unsigned long)
                0x0000000000000228                CVPU_JobInfo::CVPU_JobInfo(CVPU_JobDefData const*)
                0x0000000000004ea8                main
                0x0000000000000f60                CVPU_WorkQueue::SignalJobComplete(CVPU_ContextData&, unsigned short)
                0x00000000000009a0                MRTC_System_VPU::OS_WriteData(CVPU_SystemAddr, unsigned int)
                0x0000000000002750                NVPU::CSC_Mixer_WorkerContext::ReturnMixBinContainer(NVPU::CSC_Mixer_WorkerContext::CMixBinContainer*)
                0x00000000000044b0                NVPU::CSC_Mixer_WorkerContext::ProcessDSPChainInstance(NVPU::CSC_Mixer_WorkerContext::CDSPChainInstanceInternal*, NVPU::CSC_Mixer_WorkerContext::CMixBinContainer*)
                0x0000000000000860                SpinLockLock(CVPU_SystemAddr)
                0x00000000000001e8                MRTC_SystemInfo::Atomic_Decrease(int volatile*)
                0x0000000000000258                CVPU_JobInfo::~CVPU_JobInfo()
                0x00000000000004d8                CVPU_WorkQueue::CallPPU(unsigned int, unsigned int, unsigned int&, unsigned int&)
                0x0000000000000790                MRTC_System_VPU::OS_DMABlockUntilIdle()
                0x00000000000001a8                MRTC_SystemInfo::Atomic_Exchange(int volatile*, int)
                0x0000000000002118                NVPU::ProcessNoResample_2_fp32(unsigned int, float const*, float __vector const*, unsigned int, float, float __vector*, unsigned int&, NVPU::CSC_Mixer_DSP_Voice::CInternalData*)
                0x0000000000001540                NVPU::CSC_Mixer_WorkerContext::GetMixBinContainerPtrs(NVPU::CSC_Mixer_WorkerContext::CBixBinCointanerPtr*, unsigned long)
                0x0000000000004580                NVPU::CSC_Mixer_WorkerContext::CalculateFrame(NVPU::CSC_Mixer_OuputFrame*)
                0x0000000000004ec8                NVPU::CSC_Mixer_DSP_Router::ProcessFrame(NVPU::CSC_Mixer_ProcessingInfo*, float*, float*)
                0x0000000000001be0                NVPU::ProcessLinear_2_fp32(unsigned int, float const*, float __vector const*, unsigned int, float, float, float __vector*, unsigned int&, NVPU::CSC_Mixer_DSP_Voice::CInternalData*)
                0x0000000000001958                NVPU::ProcessNoResample_4_fp32(unsigned int, float const*, float __vector const*, unsigned int, float, float __vector*, unsigned int&, NVPU::CSC_Mixer_DSP_Voice::CInternalData*)
                0x0000000000002f70                NVPU::CSC_Mixer_WorkerContext::GetMixBinContainer()
                0x00000000000007c0                CVPU_WorkQueue::GetEvent(CVPU_ContextData&, unsigned int)
                0x0000000000000900                MRTC_System_VPU::OS_ReadData(CVPU_SystemAddr)
                0x0000000000004de0                VPU_Main(unsigned int, unsigned int)
                0x0000000000004d90                VPU_Worker(unsigned int, CVPU_JobInfo&)
                0x00000000000030b0                NVPU::CSC_Mixer_DSP_Router::CopyContainer(NVPU::CSC_Mixer_WorkerContext*, NVPU::CSC_Mixer_WorkerContext::CMixBinContainer*)
                0x00000000000004b0                MRTC_SystemInfo::OS_TraceRaw(char const*)
                0x00000000000005a0                NVPU::CSC_Mixer_DSP_SilenceGen::ProcessFrame(NVPU::CSC_Mixer_ProcessingInfo*, float*, float*)
                0x00000000000052e0                NVPU::CSC_Mixer_DSP_Voice::ProcessFrame(NVPU::CSC_Mixer_ProcessingInfo*, float*, float*)
                0x0000000000004948                VPU_CalculateFrame(CVPU_JobInfo&)
 .gnu.linkonce.t._ZN4NVPU20CSC_Mixer_DSP_Master15PreProcessFrameEPfS1_
                0x0000000000008210        0x8 MSound_Mixer_Worker.spu.o
                0x0000000000008210                NVPU::CSC_Mixer_DSP_Master::PreProcessFrame(float*, float*)
 .gnu.linkonce.t._ZN4NVPU19CSC_Mixer_DSP_Voice15PreProcessFrameEPfS1_
                0x0000000000008218        0x8 MSound_Mixer_Worker.spu.o
                0x0000000000008218                NVPU::CSC_Mixer_DSP_Voice::PreProcessFrame(float*, float*)
 .gnu.linkonce.t._ZN4NVPU24CSC_Mixer_DSP_SilenceGen15PreProcessFrameEPfS1_
                0x0000000000008220        0x8 MSound_Mixer_Worker.spu.o
                0x0000000000008220                NVPU::CSC_Mixer_DSP_SilenceGen::PreProcessFrame(float*, float*)
 .gnu.linkonce.t._Z5ClampIiiiET_S0_T0_T1_
                0x0000000000008228       0x30 MSound_Mixer_Worker.spu.o
                0x0000000000008228                int Clamp<int, int, int>(int, int, int)
 .gnu.linkonce.t._ZN4NVPU8DataCopyIfEEvPT_PKS1_m
                0x0000000000008258       0x50 MSound_Mixer_Worker.spu.o
                0x0000000000008258                void NVPU::DataCopy<float>(float*, float const*, unsigned long)
 .gnu.linkonce.t._ZN4NVPU8DataCopyIU8__vectorfEEvPT_PKS2_m
                0x00000000000082a8       0x40 MSound_Mixer_Worker.spu.o
                0x00000000000082a8                void NVPU::DataCopy<float __vector>(float __vector*, float __vector const*, unsigned long)
 .gnu.linkonce.t._ZN17CVPU_SimpleBufferIhE5FlushEv
                0x00000000000082e8       0xf0 MSound_Mixer_Worker.spu.o
                0x00000000000082e8                CVPU_SimpleBuffer<unsigned char>::Flush()
 .gnu.linkonce.t._ZN17CVPU_SimpleBufferIN4NVPU23CSC_Mixer_WorkerContext15CVPU_WorkParamsEE5FlushEv
                0x00000000000083d8       0xf8 MSound_Mixer_Worker.spu.o
                0x00000000000083d8                CVPU_SimpleBuffer<NVPU::CSC_Mixer_WorkerContext::CVPU_WorkParams>::Flush()
 .gnu.linkonce.t._ZN4NVPU31ProcessNoResample_4_fp32_HelperILj16ELj0ELj0ELj0ELj0EEEffjPKfPKU8__vectorfPS3_
                0x00000000000084d0      0x820 MSound_Mixer_Worker.spu.o
                0x00000000000084d0                float NVPU::ProcessNoResample_4_fp32_Helper<16u, 0u, 0u, 0u, 0u>(float, unsigned int, float const*, float __vector const*, float __vector*)
 .gnu.linkonce.t._ZN4NVPU27ProcessLinear_1_fp32_HelperILj4ELj0ELj0ELj0ELj0EEEfffjPKfPKU8__vectorfPS3_
                0x0000000000008cf0      0x5c8 MSound_Mixer_Worker.spu.o
                0x0000000000008cf0                float NVPU::ProcessLinear_1_fp32_Helper<4u, 0u, 0u, 0u, 0u>(float, float, unsigned int, float const*, float __vector const*, float __vector*)
 .gnu.linkonce.t._ZN4NVPU27ProcessLinear_1_fp32_HelperILj3ELj0ELj0ELj0ELj1EEEfffjPKfPKU8__vectorfPS3_
                0x00000000000092b8      0x600 MSound_Mixer_Worker.spu.o
                0x00000000000092b8                float NVPU::ProcessLinear_1_fp32_Helper<3u, 0u, 0u, 0u, 1u>(float, float, unsigned int, float const*, float __vector const*, float __vector*)
 .gnu.linkonce.t._ZN4NVPU27ProcessLinear_1_fp32_HelperILj2ELj0ELj0ELj1ELj1EEEfffjPKfPKU8__vectorfPS3_
                0x00000000000098b8      0x480 MSound_Mixer_Worker.spu.o
                0x00000000000098b8                float NVPU::ProcessLinear_1_fp32_Helper<2u, 0u, 0u, 1u, 1u>(float, float, unsigned int, float const*, float __vector const*, float __vector*)
 .gnu.linkonce.t._ZN4NVPU27ProcessLinear_1_fp32_HelperILj1ELj0ELj1ELj1ELj1EEEfffjPKfPKU8__vectorfPS3_
                0x0000000000009d38      0x490 MSound_Mixer_Worker.spu.o
                0x0000000000009d38                float NVPU::ProcessLinear_1_fp32_Helper<1u, 0u, 1u, 1u, 1u>(float, float, unsigned int, float const*, float __vector const*, float __vector*)
 .gnu.linkonce.t._ZN4NVPU27ProcessLinear_2_fp32_HelperILj8ELj0ELj0ELj0ELj0EEEfffjPKfPKU8__vectorfPS3_
                0x000000000000a1c8      0x990 MSound_Mixer_Worker.spu.o
                0x000000000000a1c8                float NVPU::ProcessLinear_2_fp32_Helper<8u, 0u, 0u, 0u, 0u>(float, float, unsigned int, float const*, float __vector const*, float __vector*)
 .gnu.linkonce.t._ZN4NVPU27ProcessLinear_2_fp32_HelperILj6ELj0ELj0ELj1ELj1EEEfffjPKfPKU8__vectorfPS3_
                0x000000000000ab58      0x9c8 MSound_Mixer_Worker.spu.o
                0x000000000000ab58                float NVPU::ProcessLinear_2_fp32_Helper<6u, 0u, 0u, 1u, 1u>(float, float, unsigned int, float const*, float __vector const*, float __vector*)
 .gnu.linkonce.t._ZN4NVPU27ProcessLinear_3_fp32_HelperILj12ELj0ELj0ELj0ELj0EEEfffjPKfPKU8__vectorfPS3_
                0x000000000000b520      0xe00 MSound_Mixer_Worker.spu.o
                0x000000000000b520                float NVPU::ProcessLinear_3_fp32_Helper<12u, 0u, 0u, 0u, 0u>(float, float, unsigned int, float const*, float __vector const*, float __vector*)
 .gnu.linkonce.t._ZN4NVPU27ProcessLinear_4_fp32_HelperILj16ELj0ELj0ELj0ELj0EEEfffjPKfPKU8__vectorfPS3_
                0x000000000000c320     0x1290 MSound_Mixer_Worker.spu.o
                0x000000000000c320                float NVPU::ProcessLinear_4_fp32_Helper<16u, 0u, 0u, 0u, 0u>(float, float, unsigned int, float const*, float __vector const*, float __vector*)
 .gnu.linkonce.t._ZN4NVPU31ProcessNoResample_1_fp32_HelperILj4ELj0ELj0ELj0ELj0EEEffjPKfPKU8__vectorfPS3_
                0x000000000000d5b0      0x2a0 MSound_Mixer_Worker.spu.o
                0x000000000000d5b0                float NVPU::ProcessNoResample_1_fp32_Helper<4u, 0u, 0u, 0u, 0u>(float, unsigned int, float const*, float __vector const*, float __vector*)
 .gnu.linkonce.t._ZN4NVPU31ProcessNoResample_1_fp32_HelperILj3ELj0ELj0ELj0ELj1EEEffjPKfPKU8__vectorfPS3_
                0x000000000000d850      0x2a8 MSound_Mixer_Worker.spu.o
                0x000000000000d850                float NVPU::ProcessNoResample_1_fp32_Helper<3u, 0u, 0u, 0u, 1u>(float, unsigned int, float const*, float __vector const*, float __vector*)
 .gnu.linkonce.t._ZN4NVPU31ProcessNoResample_1_fp32_HelperILj2ELj0ELj0ELj1ELj1EEEffjPKfPKU8__vectorfPS3_
                0x000000000000daf8      0x2a0 MSound_Mixer_Worker.spu.o
                0x000000000000daf8                float NVPU::ProcessNoResample_1_fp32_Helper<2u, 0u, 0u, 1u, 1u>(float, unsigned int, float const*, float __vector const*, float __vector*)
 .gnu.linkonce.t._ZN4NVPU31ProcessNoResample_1_fp32_HelperILj1ELj0ELj1ELj1ELj1EEEffjPKfPKU8__vectorfPS3_
                0x000000000000dd98      0x2a0 MSound_Mixer_Worker.spu.o
                0x000000000000dd98                float NVPU::ProcessNoResample_1_fp32_Helper<1u, 0u, 1u, 1u, 1u>(float, unsigned int, float const*, float __vector const*, float __vector*)
 .gnu.linkonce.t._ZN4NVPU31ProcessNoResample_2_fp32_HelperILj8ELj0ELj0ELj0ELj0EEEffjPKfPKU8__vectorfPS3_
                0x000000000000e038      0x460 MSound_Mixer_Worker.spu.o
                0x000000000000e038                float NVPU::ProcessNoResample_2_fp32_Helper<8u, 0u, 0u, 0u, 0u>(float, unsigned int, float const*, float __vector const*, float __vector*)
 .gnu.linkonce.t._ZN4NVPU31ProcessNoResample_2_fp32_HelperILj6ELj0ELj0ELj1ELj1EEEffjPKfPKU8__vectorfPS3_
                0x000000000000e498      0x470 MSound_Mixer_Worker.spu.o
                0x000000000000e498                float NVPU::ProcessNoResample_2_fp32_Helper<6u, 0u, 0u, 1u, 1u>(float, unsigned int, float const*, float __vector const*, float __vector*)
 .gnu.linkonce.t._ZN4NVPU31ProcessNoResample_3_fp32_HelperILj12ELj0ELj0ELj0ELj0EEEffjPKfPKU8__vectorfPS3_
                0x000000000000e908      0x658 MSound_Mixer_Worker.spu.o
                0x000000000000e908                float NVPU::ProcessNoResample_3_fp32_Helper<12u, 0u, 0u, 0u, 0u>(float, unsigned int, float const*, float __vector const*, float __vector*)
 .gnu.linkonce.t._ZN4NIds5NList29TCDLinkAggregateListNoPrevPtrIN4NVPU23CSC_Mixer_WorkerContext16CCustomAllocatorEE14UnlinkInternalEv
                0x000000000000ef60      0x9b8 MSound_Mixer_Worker.spu.o
                0x000000000000ef60                NIds::NList::TCDLinkAggregateListNoPrevPtr<NVPU::CSC_Mixer_WorkerContext::CCustomAllocator>::UnlinkInternal()
 .text          0x000000000000f918       0xc8 c:/usr/local/cell/0_8_5-007/host-win32/spu/bin/../../../target/spu/lib\libdma.a(cellDmaLargeCmd.o)
                0x000000000000f918                cellDmaLargeCmd
 .text          0x000000000000f9e0       0x50 c:/usr/local/cell/0_8_5-007/host-win32/spu/bin/../../../target/spu/lib\libdma.a(cellDmaAndWait.o)
                0x000000000000f9e0                cellDmaAndWait
 .text          0x000000000000fa30       0xf0 c:/usr/local/cell/0_8_5-007/host-win32/spu/bin/../../../target/spu/lib\libatomic.a(cellAtomicAdd32.o)
                0x000000000000fa30                cellAtomicAdd32
 .text          0x000000000000fb20       0xf0 c:/usr/local/cell/0_8_5-007/host-win32/spu/bin/../../../target/spu/lib\libatomic.a(cellAtomicCompareAndSwap32.o)
                0x000000000000fb20                cellAtomicCompareAndSwap32
 .text          0x000000000000fc10       0xf0 c:/usr/local/cell/0_8_5-007/host-win32/spu/bin/../../../target/spu/lib\libatomic.a(cellAtomicDecr32.o)
                0x000000000000fc10                cellAtomicDecr32
 .text          0x000000000000fd00       0xf0 c:/usr/local/cell/0_8_5-007/host-win32/spu/bin/../../../target/spu/lib\libatomic.a(cellAtomicIncr32.o)
                0x000000000000fd00                cellAtomicIncr32
 .text          0x000000000000fdf0      0x1c8 c:/usr/local/cell/0_8_5-007/host-win32/spu/bin/../../../target/spu/lib\libsputhread.a(spu_event.spu.o)
                0x000000000000ff38                sys_spu_thread_tryreceive_event
                0x000000000000fe68                sys_spu_thread_throw_event
                0x000000000000fdf0                sys_spu_thread_send_event
                0x000000000000feb8                sys_spu_thread_receive_event
 .text          0x000000000000ffb8       0x28 c:/usr/local/cell/0_8_5-007/host-win32/spu/bin/../../../target/spu/lib\libsputhread.a(spu_thread.spu.o)
                0x000000000000ffd0                sys_spu_thread_exit
                0x000000000000ffc8                sys_spu_thread_group_yield
                0x000000000000ffb8                sys_spu_thread_group_exit
 .text          0x000000000000ffe0       0xa0 c:/usr/local/cell/0_8_5-007/host-win32/spu/bin/../../../target/spu/lib\libc.a(exit.o)
                0x000000000000ffe0                atexit
                0x0000000000010020                exit
 .text          0x0000000000010080       0x80 c:/usr/local/cell/0_8_5-007/host-win32/spu/bin/../../../target/spu/lib\libc.a(spu_call_event_va_arg.o)
                0x0000000000010080                _spu_call_event_va_arg
 .text          0x0000000000010100       0xd8 c:/usr/local/cell/0_8_5-007/host-win32/spu/bin/../lib/gcc/spu-lv2/4.0.2\libgcc.a(_floatdisf.o)
                0x0000000000010100                __floatdisf
 .text          0x00000000000101d8      0xc88 c:/usr/local/cell/0_8_5-007/host-win32/spu/bin/../lib/gcc/spu-lv2/4.0.2\libgcc.a(_moddi3.o)
                0x00000000000101d8                __moddi3
 .text          0x0000000000010e60       0xa0 c:/usr/local/cell/0_8_5-007/host-win32/spu/bin/../lib/gcc/spu-lv2/4.0.2\libgcc.a(_lt_df.o)
                0x0000000000010e60                __ltdf2
 .text          0x0000000000010f00       0xe0 c:/usr/local/cell/0_8_5-007/host-win32/spu/bin/../lib/gcc/spu-lv2/4.0.2\libgcc.a(_df_to_si.o)
                0x0000000000010f00                __fixdfsi
 .text          0x0000000000010fe0      0x270 c:/usr/local/cell/0_8_5-007/host-win32/spu/bin/../lib/gcc/spu-lv2/4.0.2\libgcc.a(_unpack_df.o)
                0x0000000000010fe0                __unpack_d
 .text          0x0000000000011250      0x1e8 c:/usr/local/cell/0_8_5-007/host-win32/spu/bin/../lib/gcc/spu-lv2/4.0.2\libgcc.a(_fpcmp_parts_df.o)
                0x0000000000011250                __fpcmp_parts_d
 *(.text.*personality*)
 *(.spu.elf)
 *(.gnu.warning)

.fini
 *(.fini)
                0x0000000000011438                PROVIDE (__etext, .)
                0x0000000000011438                PROVIDE (_etext, .)
                0x0000000000011438                PROVIDE (etext, .)

.rodata         0x0000000000011440      0x210
 *(.rodata .rodata.* .gnu.linkonce.r.*)
 .rodata.str1.16
                0x0000000000011440      0x17e MSound_Mixer_Worker.spu.o
                                        0x190 (size before relaxing)
 *fill*         0x00000000000115be        0x2 00
 .rodata.cst16  0x00000000000115c0       0x50 MSound_Mixer_Worker.spu.o
                                         0x80 (size before relaxing)
 .rodata.cst16  0x0000000000011610        0x0 c:/usr/local/cell/0_8_5-007/host-win32/spu/bin/../../../target/spu/lib\libdma.a(cellDmaLargeCmd.o)
                                         0x10 (size before relaxing)
 .rodata.cst16  0x0000000000011610        0x0 c:/usr/local/cell/0_8_5-007/host-win32/spu/bin/../lib/gcc/spu-lv2/4.0.2\libgcc.a(_floatdisf.o)
                                         0x10 (size before relaxing)
 .rodata.cst16  0x0000000000011610        0x0 c:/usr/local/cell/0_8_5-007/host-win32/spu/bin/../lib/gcc/spu-lv2/4.0.2\libgcc.a(_moddi3.o)
                                         0x10 (size before relaxing)
 .rodata.cst16  0x0000000000011610       0x40 c:/usr/local/cell/0_8_5-007/host-win32/spu/bin/../lib/gcc/spu-lv2/4.0.2\libgcc.a(_unpack_df.o)
                                         0x50 (size before relaxing)

.rodata1
 *(.rodata1)

.eh_frame_hdr
 *(.eh_frame_hdr)

.eh_frame
 *(.eh_frame)

.gcc_except_table
 *(.gcc_except_table)
 *(.gcc_except_table.*)
                0x0000000000011680                . = ALIGN (0x80)

.eh_frame
 *(.eh_frame)

.gcc_except_table
 *(.gcc_except_table)
 *(.gcc_except_table.*)

.tdata
 *(.tdata .tdata.* .gnu.linkonce.td.*)

.tbss
 *(.tbss .tbss.* .gnu.linkonce.tb.*)
 *(.tcommon)
                0x0000000000011680                . = ALIGN (0x10)
                0x0000000000011680                PROVIDE (__preinit_array_start, .)

.preinit_array
 *(.preinit_array)
                0x0000000000011680                PROVIDE (__preinit_array_end, .)
                0x0000000000011680                PROVIDE (__init_array_start, .)

.init_array
 *(.init_array)
                0x0000000000011680                PROVIDE (__init_array_end, .)
                0x0000000000011680                PROVIDE (__fini_array_start, .)

.fini_array
 *(.fini_array)
                0x0000000000011680                PROVIDE (__fini_array_end, .)

.ctors          0x0000000000011680        0x8
 *crtbegin*.o(.ctors)
 *(EXCLUDE_FILE(*crtend*.o) .ctors)
 .ctors         0x0000000000011680        0x4 c:/usr/local/cell/0_8_5-007/host-win32/spu/bin/../lib/gcc/spu-lv2/4.0.2/crt1.o
                0x0000000000011680                __CTOR_LIST__
 *(SORT(.ctors.*))
 *(.ctors)
 .ctors         0x0000000000011684        0x4 c:/usr/local/cell/0_8_5-007/host-win32/spu/bin/../lib/gcc/spu-lv2/4.0.2/crtend1.o
                0x0000000000011684                __CTOR_END__

.dtors          0x0000000000011688        0x8
 *crtbegin*.o(.dtors)
 *(EXCLUDE_FILE(*crtend*.o) .dtors)
 .dtors         0x0000000000011688        0x4 c:/usr/local/cell/0_8_5-007/host-win32/spu/bin/../lib/gcc/spu-lv2/4.0.2/crt1.o
 *(SORT(.dtors.*))
 *(.dtors)
 .dtors         0x000000000001168c        0x4 c:/usr/local/cell/0_8_5-007/host-win32/spu/bin/../lib/gcc/spu-lv2/4.0.2/crtend1.o
                0x000000000001168c                __DTOR_END__

.jcr
 *(.jcr)

.data.rel.ro
 *(.data.rel.ro.local)
 *(.data.rel.ro*)

.dynamic
 *(.dynamic)

.got
 *(.got.plt)
 *(.got)

.data           0x0000000000011690       0xd0
 *(.data .data.* .gnu.linkonce.d.*)
 .data          0x0000000000011690       0x90 MSound_Mixer_Worker.spu.o
                0x00000000000116a0                NVPU::CSC_Mixer_WorkerContext::ms_DSP_Func_ProcessFrame
                0x0000000000011710                pMem
                0x00000000000116f0                DmaChannel
                0x00000000000116b0                NVPU::CSC_Mixer_WorkerContext::ms_DSP_ProcessingType
                0x00000000000116c0                NVPU::CSC_Mixer_WorkerContext::ms_DSP_NumInternal
                0x0000000000011700                pMemOriginal
                0x00000000000116d0                NVPU::CSC_Mixer_WorkerContext::ms_DSP_NumParams
                0x0000000000011690                NVPU::CSC_Mixer_WorkerContext::ms_DSP_Func_PreProcessFrame
                0x00000000000116e0                g_StackSize
 .gnu.linkonce.d._ZN11TVec128MaskILi12EE7ms_MaskE
                0x0000000000011720       0x10 MSound_Mixer_Worker.spu.o
                0x0000000000011720                TVec128Mask<12>::ms_Mask
 .gnu.linkonce.d._ZN11TVec128MaskILi14EE7ms_MaskE
                0x0000000000011730       0x10 MSound_Mixer_Worker.spu.o
                0x0000000000011730                TVec128Mask<14>::ms_Mask
 .gnu.linkonce.d._ZN11TVec128MaskILi8EE7ms_MaskE
                0x0000000000011740       0x10 MSound_Mixer_Worker.spu.o
                0x0000000000011740                TVec128Mask<8>::ms_Mask
 .data          0x0000000000011750       0x10 c:/usr/local/cell/0_8_5-007/host-win32/spu/bin/../../../target/spu/lib\libc.a(exit.o)
                0x0000000000011750                _Atcount
 *(.gnu.linkonce.d.*personality*)

.data1
 *(.data1)

.toe
 *(.toe)
                0x0000000000011760                _edata = .
                0x0000000000011760                PROVIDE (edata, .)
                0x0000000000011760                __bss_start = .

.bss            0x0000000000011760      0x1e0
 *(.dynbss)
 *(.bss .bss.* .gnu.linkonce.b.*)
 .bss           0x0000000000011760       0x10 c:/usr/local/cell/0_8_5-007/host-win32/spu/bin/../lib/gcc/spu-lv2/4.0.2/crt1.o
 .bss           0x0000000000011770       0x80 MSound_Mixer_Worker.spu.o
                0x00000000000117a0                NVPU::CSC_Mixer_WorkerContext::ms_pThis
                0x00000000000117c0                NVPU::g_pPacketCache
                0x00000000000117e0                g_SPUEventPort
                0x00000000000117d0                g_SPUEventQueueNumber
                0x0000000000011780                NVPU::g_DMAHelper
                0x00000000000117b0                NVPU::CSC_Mixer_WorkerContext::ms_DataOffset
                0x0000000000011770                g_SysBufferAddr
 .gnu.linkonce.b._ZN11TVec128MaskILi0EE7ms_MaskE
                0x00000000000117f0       0x10 MSound_Mixer_Worker.spu.o
                0x00000000000117f0                TVec128Mask<0>::ms_Mask
 *(COMMON)
 COMMON         0x0000000000011800      0x140 c:/usr/local/cell/0_8_5-007/host-win32/spu/bin/../../../target/spu/lib\libc.a(exit.o)
                0x0000000000011800                _Atfuns
                0x0000000000011940                . = ALIGN (0x10)
                0x0000000000011940                . = ALIGN (0x10)
                0x0000000000011940                _end = .
                0x0000000000011940                PROVIDE (end, .)

.stab
 *(.stab)

.stabstr
 *(.stabstr)

.stab.excl
 *(.stab.excl)

.stab.exclstr
 *(.stab.exclstr)

.stab.index
 *(.stab.index)

.stab.indexstr
 *(.stab.indexstr)

.comment        0x0000000000000000      0x32a
 *(.comment)
 .comment       0x0000000000000000       0x2d c:/usr/local/cell/0_8_5-007/host-win32/spu/bin/../lib/gcc/spu-lv2/4.0.2/crt1.o
 .comment       0x000000000000002d       0x2d MSound_Mixer_Worker.spu.o
 .comment       0x000000000000005a       0x2d c:/usr/local/cell/0_8_5-007/host-win32/spu/bin/../../../target/spu/lib\libdma.a(cellDmaLargeCmd.o)
 .comment       0x0000000000000087       0x2d c:/usr/local/cell/0_8_5-007/host-win32/spu/bin/../../../target/spu/lib\libdma.a(cellDmaAndWait.o)
 .comment       0x00000000000000b4       0x2d c:/usr/local/cell/0_8_5-007/host-win32/spu/bin/../../../target/spu/lib\libatomic.a(cellAtomicAdd32.o)
 .comment       0x00000000000000e1       0x2d c:/usr/local/cell/0_8_5-007/host-win32/spu/bin/../../../target/spu/lib\libatomic.a(cellAtomicCompareAndSwap32.o)
 .comment       0x000000000000010e       0x2d c:/usr/local/cell/0_8_5-007/host-win32/spu/bin/../../../target/spu/lib\libatomic.a(cellAtomicDecr32.o)
 .comment       0x000000000000013b       0x2d c:/usr/local/cell/0_8_5-007/host-win32/spu/bin/../../../target/spu/lib\libatomic.a(cellAtomicIncr32.o)
 .comment       0x0000000000000168       0x2d c:/usr/local/cell/0_8_5-007/host-win32/spu/bin/../../../target/spu/lib\libsputhread.a(spu_event.spu.o)
 .comment       0x0000000000000195       0x2d c:/usr/local/cell/0_8_5-007/host-win32/spu/bin/../../../target/spu/lib\libsputhread.a(spu_thread.spu.o)
 .comment       0x00000000000001c2       0x2d c:/usr/local/cell/0_8_5-007/host-win32/spu/bin/../../../target/spu/lib\libc.a(exit.o)
 .comment       0x00000000000001ef       0x2d c:/usr/local/cell/0_8_5-007/host-win32/spu/bin/../lib/gcc/spu-lv2/4.0.2\libgcc.a(_floatdisf.o)
 .comment       0x000000000000021c       0x2d c:/usr/local/cell/0_8_5-007/host-win32/spu/bin/../lib/gcc/spu-lv2/4.0.2\libgcc.a(_moddi3.o)
 .comment       0x0000000000000249       0x2d c:/usr/local/cell/0_8_5-007/host-win32/spu/bin/../lib/gcc/spu-lv2/4.0.2\libgcc.a(_lt_df.o)
 .comment       0x0000000000000276       0x2d c:/usr/local/cell/0_8_5-007/host-win32/spu/bin/../lib/gcc/spu-lv2/4.0.2\libgcc.a(_df_to_si.o)
 .comment       0x00000000000002a3       0x2d c:/usr/local/cell/0_8_5-007/host-win32/spu/bin/../lib/gcc/spu-lv2/4.0.2\libgcc.a(_unpack_df.o)
 .comment       0x00000000000002d0       0x2d c:/usr/local/cell/0_8_5-007/host-win32/spu/bin/../lib/gcc/spu-lv2/4.0.2\libgcc.a(_fpcmp_parts_df.o)
 .comment       0x00000000000002fd       0x2d c:/usr/local/cell/0_8_5-007/host-win32/spu/bin/../lib/gcc/spu-lv2/4.0.2/crtend1.o

.debug
 *(.debug)

.line
 *(.line)

.debug_srcinfo
 *(.debug_srcinfo)

.debug_sfnames
 *(.debug_sfnames)

.debug_aranges  0x0000000000000000      0x268
 *(.debug_aranges)
 .debug_aranges
                0x0000000000000000       0xe8 MSound_Mixer_Worker.spu.o
 .debug_aranges
                0x00000000000000e8       0x20 c:/usr/local/cell/0_8_5-007/host-win32/spu/bin/../../../target/spu/lib\libdma.a(cellDmaLargeCmd.o)
 .debug_aranges
                0x0000000000000108       0x20 c:/usr/local/cell/0_8_5-007/host-win32/spu/bin/../../../target/spu/lib\libdma.a(cellDmaAndWait.o)
 .debug_aranges
                0x0000000000000128       0x20 c:/usr/local/cell/0_8_5-007/host-win32/spu/bin/../../../target/spu/lib\libatomic.a(cellAtomicAdd32.o)
 .debug_aranges
                0x0000000000000148       0x20 c:/usr/local/cell/0_8_5-007/host-win32/spu/bin/../../../target/spu/lib\libatomic.a(cellAtomicCompareAndSwap32.o)
 .debug_aranges
                0x0000000000000168       0x20 c:/usr/local/cell/0_8_5-007/host-win32/spu/bin/../../../target/spu/lib\libatomic.a(cellAtomicDecr32.o)
 .debug_aranges
                0x0000000000000188       0x20 c:/usr/local/cell/0_8_5-007/host-win32/spu/bin/../../../target/spu/lib\libatomic.a(cellAtomicIncr32.o)
 .debug_aranges
                0x00000000000001a8       0x20 c:/usr/local/cell/0_8_5-007/host-win32/spu/bin/../lib/gcc/spu-lv2/4.0.2\libgcc.a(_floatdisf.o)
 .debug_aranges
                0x00000000000001c8       0x20 c:/usr/local/cell/0_8_5-007/host-win32/spu/bin/../lib/gcc/spu-lv2/4.0.2\libgcc.a(_moddi3.o)
 .debug_aranges
                0x00000000000001e8       0x20 c:/usr/local/cell/0_8_5-007/host-win32/spu/bin/../lib/gcc/spu-lv2/4.0.2\libgcc.a(_lt_df.o)
 .debug_aranges
                0x0000000000000208       0x20 c:/usr/local/cell/0_8_5-007/host-win32/spu/bin/../lib/gcc/spu-lv2/4.0.2\libgcc.a(_df_to_si.o)
 .debug_aranges
                0x0000000000000228       0x20 c:/usr/local/cell/0_8_5-007/host-win32/spu/bin/../lib/gcc/spu-lv2/4.0.2\libgcc.a(_unpack_df.o)
 .debug_aranges
                0x0000000000000248       0x20 c:/usr/local/cell/0_8_5-007/host-win32/spu/bin/../lib/gcc/spu-lv2/4.0.2\libgcc.a(_fpcmp_parts_df.o)

.debug_pubnames
                0x0000000000000000     0x11a9
 *(.debug_pubnames)
 .debug_pubnames
                0x0000000000000000      0xff3 MSound_Mixer_Worker.spu.o
 .debug_pubnames
                0x0000000000000ff3       0x26 c:/usr/local/cell/0_8_5-007/host-win32/spu/bin/../../../target/spu/lib\libdma.a(cellDmaLargeCmd.o)
 .debug_pubnames
                0x0000000000001019       0x25 c:/usr/local/cell/0_8_5-007/host-win32/spu/bin/../../../target/spu/lib\libdma.a(cellDmaAndWait.o)
 .debug_pubnames
                0x000000000000103e       0x26 c:/usr/local/cell/0_8_5-007/host-win32/spu/bin/../../../target/spu/lib\libatomic.a(cellAtomicAdd32.o)
 .debug_pubnames
                0x0000000000001064       0x31 c:/usr/local/cell/0_8_5-007/host-win32/spu/bin/../../../target/spu/lib\libatomic.a(cellAtomicCompareAndSwap32.o)
 .debug_pubnames
                0x0000000000001095       0x27 c:/usr/local/cell/0_8_5-007/host-win32/spu/bin/../../../target/spu/lib\libatomic.a(cellAtomicDecr32.o)
 .debug_pubnames
                0x00000000000010bc       0x27 c:/usr/local/cell/0_8_5-007/host-win32/spu/bin/../../../target/spu/lib\libatomic.a(cellAtomicIncr32.o)
 .debug_pubnames
                0x00000000000010e3       0x22 c:/usr/local/cell/0_8_5-007/host-win32/spu/bin/../lib/gcc/spu-lv2/4.0.2\libgcc.a(_floatdisf.o)
 .debug_pubnames
                0x0000000000001105       0x1f c:/usr/local/cell/0_8_5-007/host-win32/spu/bin/../lib/gcc/spu-lv2/4.0.2\libgcc.a(_moddi3.o)
 .debug_pubnames
                0x0000000000001124       0x1e c:/usr/local/cell/0_8_5-007/host-win32/spu/bin/../lib/gcc/spu-lv2/4.0.2\libgcc.a(_lt_df.o)
 .debug_pubnames
                0x0000000000001142       0x20 c:/usr/local/cell/0_8_5-007/host-win32/spu/bin/../lib/gcc/spu-lv2/4.0.2\libgcc.a(_df_to_si.o)
 .debug_pubnames
                0x0000000000001162       0x21 c:/usr/local/cell/0_8_5-007/host-win32/spu/bin/../lib/gcc/spu-lv2/4.0.2\libgcc.a(_unpack_df.o)
 .debug_pubnames
                0x0000000000001183       0x26 c:/usr/local/cell/0_8_5-007/host-win32/spu/bin/../lib/gcc/spu-lv2/4.0.2\libgcc.a(_fpcmp_parts_df.o)

.debug_info     0x0000000000000000    0x39688
 *(.debug_info .gnu.linkonce.wi.*)
 .debug_info    0x0000000000000000    0x37b5c MSound_Mixer_Worker.spu.o
 .debug_info    0x0000000000037b5c      0x1a5 c:/usr/local/cell/0_8_5-007/host-win32/spu/bin/../../../target/spu/lib\libdma.a(cellDmaLargeCmd.o)
 .debug_info    0x0000000000037d01      0x184 c:/usr/local/cell/0_8_5-007/host-win32/spu/bin/../../../target/spu/lib\libdma.a(cellDmaAndWait.o)
 .debug_info    0x0000000000037e85      0x1cf c:/usr/local/cell/0_8_5-007/host-win32/spu/bin/../../../target/spu/lib\libatomic.a(cellAtomicAdd32.o)
 .debug_info    0x0000000000038054      0x1de c:/usr/local/cell/0_8_5-007/host-win32/spu/bin/../../../target/spu/lib\libatomic.a(cellAtomicCompareAndSwap32.o)
 .debug_info    0x0000000000038232      0x1c2 c:/usr/local/cell/0_8_5-007/host-win32/spu/bin/../../../target/spu/lib\libatomic.a(cellAtomicDecr32.o)
 .debug_info    0x00000000000383f4      0x1c2 c:/usr/local/cell/0_8_5-007/host-win32/spu/bin/../../../target/spu/lib\libatomic.a(cellAtomicIncr32.o)
 .debug_info    0x00000000000385b6      0x143 c:/usr/local/cell/0_8_5-007/host-win32/spu/bin/../lib/gcc/spu-lv2/4.0.2\libgcc.a(_floatdisf.o)
 .debug_info    0x00000000000386f9      0x69e c:/usr/local/cell/0_8_5-007/host-win32/spu/bin/../lib/gcc/spu-lv2/4.0.2\libgcc.a(_moddi3.o)
 .debug_info    0x0000000000038d97      0x24b c:/usr/local/cell/0_8_5-007/host-win32/spu/bin/../lib/gcc/spu-lv2/4.0.2\libgcc.a(_lt_df.o)
 .debug_info    0x0000000000038fe2      0x277 c:/usr/local/cell/0_8_5-007/host-win32/spu/bin/../lib/gcc/spu-lv2/4.0.2\libgcc.a(_df_to_si.o)
 .debug_info    0x0000000000039259      0x21b c:/usr/local/cell/0_8_5-007/host-win32/spu/bin/../lib/gcc/spu-lv2/4.0.2\libgcc.a(_unpack_df.o)
 .debug_info    0x0000000000039474      0x214 c:/usr/local/cell/0_8_5-007/host-win32/spu/bin/../lib/gcc/spu-lv2/4.0.2\libgcc.a(_fpcmp_parts_df.o)

.debug_abbrev   0x0000000000000000     0x1452
 *(.debug_abbrev)
 .debug_abbrev  0x0000000000000000      0x811 MSound_Mixer_Worker.spu.o
 .debug_abbrev  0x0000000000000811       0xda c:/usr/local/cell/0_8_5-007/host-win32/spu/bin/../../../target/spu/lib\libdma.a(cellDmaLargeCmd.o)
 .debug_abbrev  0x00000000000008eb       0xd8 c:/usr/local/cell/0_8_5-007/host-win32/spu/bin/../../../target/spu/lib\libdma.a(cellDmaAndWait.o)
 .debug_abbrev  0x00000000000009c3       0xfa c:/usr/local/cell/0_8_5-007/host-win32/spu/bin/../../../target/spu/lib\libatomic.a(cellAtomicAdd32.o)
 .debug_abbrev  0x0000000000000abd      0x109 c:/usr/local/cell/0_8_5-007/host-win32/spu/bin/../../../target/spu/lib\libatomic.a(cellAtomicCompareAndSwap32.o)
 .debug_abbrev  0x0000000000000bc6       0xeb c:/usr/local/cell/0_8_5-007/host-win32/spu/bin/../../../target/spu/lib\libatomic.a(cellAtomicDecr32.o)
 .debug_abbrev  0x0000000000000cb1       0xeb c:/usr/local/cell/0_8_5-007/host-win32/spu/bin/../../../target/spu/lib\libatomic.a(cellAtomicIncr32.o)
 .debug_abbrev  0x0000000000000d9c       0x88 c:/usr/local/cell/0_8_5-007/host-win32/spu/bin/../lib/gcc/spu-lv2/4.0.2\libgcc.a(_floatdisf.o)
 .debug_abbrev  0x0000000000000e24      0x174 c:/usr/local/cell/0_8_5-007/host-win32/spu/bin/../lib/gcc/spu-lv2/4.0.2\libgcc.a(_moddi3.o)
 .debug_abbrev  0x0000000000000f98      0x127 c:/usr/local/cell/0_8_5-007/host-win32/spu/bin/../lib/gcc/spu-lv2/4.0.2\libgcc.a(_lt_df.o)
 .debug_abbrev  0x00000000000010bf      0x148 c:/usr/local/cell/0_8_5-007/host-win32/spu/bin/../lib/gcc/spu-lv2/4.0.2\libgcc.a(_df_to_si.o)
 .debug_abbrev  0x0000000000001207      0x121 c:/usr/local/cell/0_8_5-007/host-win32/spu/bin/../lib/gcc/spu-lv2/4.0.2\libgcc.a(_unpack_df.o)
 .debug_abbrev  0x0000000000001328      0x12a c:/usr/local/cell/0_8_5-007/host-win32/spu/bin/../lib/gcc/spu-lv2/4.0.2\libgcc.a(_fpcmp_parts_df.o)

.debug_line     0x0000000000000000     0x9fb8
 *(.debug_line)
 .debug_line    0x0000000000000000     0x9259 MSound_Mixer_Worker.spu.o
 .debug_line    0x0000000000009259      0x163 c:/usr/local/cell/0_8_5-007/host-win32/spu/bin/../../../target/spu/lib\libdma.a(cellDmaLargeCmd.o)
 .debug_line    0x00000000000093bc      0x14b c:/usr/local/cell/0_8_5-007/host-win32/spu/bin/../../../target/spu/lib\libdma.a(cellDmaAndWait.o)
 .debug_line    0x0000000000009507      0x173 c:/usr/local/cell/0_8_5-007/host-win32/spu/bin/../../../target/spu/lib\libatomic.a(cellAtomicAdd32.o)
 .debug_line    0x000000000000967a      0x17e c:/usr/local/cell/0_8_5-007/host-win32/spu/bin/../../../target/spu/lib\libatomic.a(cellAtomicCompareAndSwap32.o)
 .debug_line    0x00000000000097f8      0x172 c:/usr/local/cell/0_8_5-007/host-win32/spu/bin/../../../target/spu/lib\libatomic.a(cellAtomicDecr32.o)
 .debug_line    0x000000000000996a      0x172 c:/usr/local/cell/0_8_5-007/host-win32/spu/bin/../../../target/spu/lib\libatomic.a(cellAtomicIncr32.o)
 .debug_line    0x0000000000009adc       0x8f c:/usr/local/cell/0_8_5-007/host-win32/spu/bin/../lib/gcc/spu-lv2/4.0.2\libgcc.a(_floatdisf.o)
 .debug_line    0x0000000000009b6b      0x1a9 c:/usr/local/cell/0_8_5-007/host-win32/spu/bin/../lib/gcc/spu-lv2/4.0.2\libgcc.a(_moddi3.o)
 .debug_line    0x0000000000009d14       0x80 c:/usr/local/cell/0_8_5-007/host-win32/spu/bin/../lib/gcc/spu-lv2/4.0.2\libgcc.a(_lt_df.o)
 .debug_line    0x0000000000009d94       0x8e c:/usr/local/cell/0_8_5-007/host-win32/spu/bin/../lib/gcc/spu-lv2/4.0.2\libgcc.a(_df_to_si.o)
 .debug_line    0x0000000000009e22       0xd1 c:/usr/local/cell/0_8_5-007/host-win32/spu/bin/../lib/gcc/spu-lv2/4.0.2\libgcc.a(_unpack_df.o)
 .debug_line    0x0000000000009ef3       0xc5 c:/usr/local/cell/0_8_5-007/host-win32/spu/bin/../lib/gcc/spu-lv2/4.0.2\libgcc.a(_fpcmp_parts_df.o)

.debug_frame    0x0000000000000000      0xc20
 *(.debug_frame)
 .debug_frame   0x0000000000000000      0xa34 MSound_Mixer_Worker.spu.o
 .debug_frame   0x0000000000000a34       0x28 c:/usr/local/cell/0_8_5-007/host-win32/spu/bin/../../../target/spu/lib\libdma.a(cellDmaLargeCmd.o)
 .debug_frame   0x0000000000000a5c       0x28 c:/usr/local/cell/0_8_5-007/host-win32/spu/bin/../../../target/spu/lib\libdma.a(cellDmaAndWait.o)
 .debug_frame   0x0000000000000a84       0x28 c:/usr/local/cell/0_8_5-007/host-win32/spu/bin/../../../target/spu/lib\libatomic.a(cellAtomicAdd32.o)
 .debug_frame   0x0000000000000aac       0x28 c:/usr/local/cell/0_8_5-007/host-win32/spu/bin/../../../target/spu/lib\libatomic.a(cellAtomicCompareAndSwap32.o)
 .debug_frame   0x0000000000000ad4       0x28 c:/usr/local/cell/0_8_5-007/host-win32/spu/bin/../../../target/spu/lib\libatomic.a(cellAtomicDecr32.o)
 .debug_frame   0x0000000000000afc       0x28 c:/usr/local/cell/0_8_5-007/host-win32/spu/bin/../../../target/spu/lib\libatomic.a(cellAtomicIncr32.o)
 .debug_frame   0x0000000000000b24       0x28 c:/usr/local/cell/0_8_5-007/host-win32/spu/bin/../lib/gcc/spu-lv2/4.0.2\libgcc.a(_floatdisf.o)
 .debug_frame   0x0000000000000b4c       0x28 c:/usr/local/cell/0_8_5-007/host-win32/spu/bin/../lib/gcc/spu-lv2/4.0.2\libgcc.a(_moddi3.o)
 .debug_frame   0x0000000000000b74       0x30 c:/usr/local/cell/0_8_5-007/host-win32/spu/bin/../lib/gcc/spu-lv2/4.0.2\libgcc.a(_lt_df.o)
 .debug_frame   0x0000000000000ba4       0x2c c:/usr/local/cell/0_8_5-007/host-win32/spu/bin/../lib/gcc/spu-lv2/4.0.2\libgcc.a(_df_to_si.o)
 .debug_frame   0x0000000000000bd0       0x28 c:/usr/local/cell/0_8_5-007/host-win32/spu/bin/../lib/gcc/spu-lv2/4.0.2\libgcc.a(_unpack_df.o)
 .debug_frame   0x0000000000000bf8       0x28 c:/usr/local/cell/0_8_5-007/host-win32/spu/bin/../lib/gcc/spu-lv2/4.0.2\libgcc.a(_fpcmp_parts_df.o)

.debug_str      0x0000000000000000    0x27d1f
 *(.debug_str)
 .debug_str     0x0000000000000000    0x27914 MSound_Mixer_Worker.spu.o
                                      0x27e0d (size before relaxing)
 .debug_str     0x0000000000027914       0xa3 c:/usr/local/cell/0_8_5-007/host-win32/spu/bin/../../../target/spu/lib\libdma.a(cellDmaLargeCmd.o)
                                        0x176 (size before relaxing)
 .debug_str     0x00000000000279b7       0x20 c:/usr/local/cell/0_8_5-007/host-win32/spu/bin/../../../target/spu/lib\libdma.a(cellDmaAndWait.o)
                                        0x16a (size before relaxing)
 .debug_str     0x00000000000279d7       0x87 c:/usr/local/cell/0_8_5-007/host-win32/spu/bin/../../../target/spu/lib\libatomic.a(cellAtomicAdd32.o)
                                        0x17d (size before relaxing)
 .debug_str     0x0000000000027a5e       0x40 c:/usr/local/cell/0_8_5-007/host-win32/spu/bin/../../../target/spu/lib\libatomic.a(cellAtomicCompareAndSwap32.o)
                                        0x19b (size before relaxing)
 .debug_str     0x0000000000027a9e       0x24 c:/usr/local/cell/0_8_5-007/host-win32/spu/bin/../../../target/spu/lib\libatomic.a(cellAtomicDecr32.o)
                                        0x179 (size before relaxing)
 .debug_str     0x0000000000027ac2       0x24 c:/usr/local/cell/0_8_5-007/host-win32/spu/bin/../../../target/spu/lib\libatomic.a(cellAtomicIncr32.o)
                                        0x179 (size before relaxing)
 .debug_str     0x0000000000027ae6       0x85 c:/usr/local/cell/0_8_5-007/host-win32/spu/bin/../lib/gcc/spu-lv2/4.0.2\libgcc.a(_floatdisf.o)
                                        0x150 (size before relaxing)
 .debug_str     0x0000000000027b6b       0x7c c:/usr/local/cell/0_8_5-007/host-win32/spu/bin/../lib/gcc/spu-lv2/4.0.2\libgcc.a(_moddi3.o)
                                        0x1ae (size before relaxing)
 .debug_str     0x0000000000027be7      0x106 c:/usr/local/cell/0_8_5-007/host-win32/spu/bin/../lib/gcc/spu-lv2/4.0.2\libgcc.a(_lt_df.o)
                                        0x1c6 (size before relaxing)
 .debug_str     0x0000000000027ced       0x17 c:/usr/local/cell/0_8_5-007/host-win32/spu/bin/../lib/gcc/spu-lv2/4.0.2\libgcc.a(_df_to_si.o)
                                        0x1cf (size before relaxing)
 .debug_str     0x0000000000027d04        0xb c:/usr/local/cell/0_8_5-007/host-win32/spu/bin/../lib/gcc/spu-lv2/4.0.2\libgcc.a(_unpack_df.o)
                                        0x1b0 (size before relaxing)
 .debug_str     0x0000000000027d0f       0x10 c:/usr/local/cell/0_8_5-007/host-win32/spu/bin/../lib/gcc/spu-lv2/4.0.2\libgcc.a(_fpcmp_parts_df.o)
                                        0x193 (size before relaxing)

.debug_loc      0x0000000000000000    0x16942
 *(.debug_loc)
 .debug_loc     0x0000000000000000    0x15c9e MSound_Mixer_Worker.spu.o
 .debug_loc     0x0000000000015c9e       0xcd c:/usr/local/cell/0_8_5-007/host-win32/spu/bin/../../../target/spu/lib\libdma.a(cellDmaLargeCmd.o)
 .debug_loc     0x0000000000015d6b       0x83 c:/usr/local/cell/0_8_5-007/host-win32/spu/bin/../../../target/spu/lib\libdma.a(cellDmaAndWait.o)
 .debug_loc     0x0000000000015dee       0x96 c:/usr/local/cell/0_8_5-007/host-win32/spu/bin/../../../target/spu/lib\libatomic.a(cellAtomicAdd32.o)
 .debug_loc     0x0000000000015e84       0xb4 c:/usr/local/cell/0_8_5-007/host-win32/spu/bin/../../../target/spu/lib\libatomic.a(cellAtomicCompareAndSwap32.o)
 .debug_loc     0x0000000000015f38       0xa1 c:/usr/local/cell/0_8_5-007/host-win32/spu/bin/../../../target/spu/lib\libatomic.a(cellAtomicDecr32.o)
 .debug_loc     0x0000000000015fd9       0xa1 c:/usr/local/cell/0_8_5-007/host-win32/spu/bin/../../../target/spu/lib\libatomic.a(cellAtomicIncr32.o)
 .debug_loc     0x000000000001607a       0xef c:/usr/local/cell/0_8_5-007/host-win32/spu/bin/../lib/gcc/spu-lv2/4.0.2\libgcc.a(_floatdisf.o)
 .debug_loc     0x0000000000016169      0x59e c:/usr/local/cell/0_8_5-007/host-win32/spu/bin/../lib/gcc/spu-lv2/4.0.2\libgcc.a(_moddi3.o)
 .debug_loc     0x0000000000016707       0x54 c:/usr/local/cell/0_8_5-007/host-win32/spu/bin/../lib/gcc/spu-lv2/4.0.2\libgcc.a(_lt_df.o)
 .debug_loc     0x000000000001675b       0x81 c:/usr/local/cell/0_8_5-007/host-win32/spu/bin/../lib/gcc/spu-lv2/4.0.2\libgcc.a(_df_to_si.o)
 .debug_loc     0x00000000000167dc       0xe7 c:/usr/local/cell/0_8_5-007/host-win32/spu/bin/../lib/gcc/spu-lv2/4.0.2\libgcc.a(_unpack_df.o)
 .debug_loc     0x00000000000168c3       0x7f c:/usr/local/cell/0_8_5-007/host-win32/spu/bin/../lib/gcc/spu-lv2/4.0.2\libgcc.a(_fpcmp_parts_df.o)

.debug_macinfo
 *(.debug_macinfo)

.debug_weaknames
 *(.debug_weaknames)

.debug_funcnames
 *(.debug_funcnames)

.debug_typenames
 *(.debug_typenames)

.debug_varnames
 *(.debug_varnames)
                0x000000000003fff0                PROVIDE (__stack, 0x3fff0)

/DISCARD/
 *(.note.GNU-stack)
OUTPUT(MSound_Mixer_Worker.elf elf32-spu)

.debug_ranges   0x0000000000000000     0xa028
 .debug_ranges  0x0000000000000000     0x9e60 MSound_Mixer_Worker.spu.o
 .debug_ranges  0x0000000000009e60      0x1c8 c:/usr/local/cell/0_8_5-007/host-win32/spu/bin/../lib/gcc/spu-lv2/4.0.2\libgcc.a(_moddi3.o)

.sceversion     0x0000000000000000       0xa0
 .sceversion    0x0000000000000000        0xe c:/usr/local/cell/0_8_5-007/host-win32/spu/bin/../../../target/spu/lib\libdma.a(cellDmaLargeCmd.o)
 .sceversion    0x000000000000000e        0xe c:/usr/local/cell/0_8_5-007/host-win32/spu/bin/../../../target/spu/lib\libdma.a(cellDmaAndWait.o)
 .sceversion    0x000000000000001c       0x11 c:/usr/local/cell/0_8_5-007/host-win32/spu/bin/../../../target/spu/lib\libatomic.a(cellAtomicAdd32.o)
 .sceversion    0x000000000000002d       0x11 c:/usr/local/cell/0_8_5-007/host-win32/spu/bin/../../../target/spu/lib\libatomic.a(cellAtomicCompareAndSwap32.o)
 .sceversion    0x000000000000003e       0x11 c:/usr/local/cell/0_8_5-007/host-win32/spu/bin/../../../target/spu/lib\libatomic.a(cellAtomicDecr32.o)
 .sceversion    0x000000000000004f       0x11 c:/usr/local/cell/0_8_5-007/host-win32/spu/bin/../../../target/spu/lib\libatomic.a(cellAtomicIncr32.o)
 .sceversion    0x0000000000000060       0x14 c:/usr/local/cell/0_8_5-007/host-win32/spu/bin/../../../target/spu/lib\libsputhread.a(spu_event.spu.o)
 .sceversion    0x0000000000000074       0x14 c:/usr/local/cell/0_8_5-007/host-win32/spu/bin/../../../target/spu/lib\libsputhread.a(spu_thread.spu.o)
 .sceversion    0x0000000000000088        0xc c:/usr/local/cell/0_8_5-007/host-win32/spu/bin/../../../target/spu/lib\libc.a(exit.o)
 .sceversion    0x0000000000000094        0xc c:/usr/local/cell/0_8_5-007/host-win32/spu/bin/../../../target/spu/lib\libc.a(spu_call_event_va_arg.o)
